SLURM_JOBID=14173856
SLURM_JOB_NODELIST=simurgh1
SLURM_NNODES=1
SLURMTMPDIR=
working directory = /simurgh2/projects/Mask2IV/Mask2IV
/simurgh2/users/jesb/conda/envs/dyncraft/lib/python3.8/site-packages/torch/distributed/launch.py:181: FutureWarning: The module torch.distributed.launch is deprecated
and will be removed in future. Use torchrun.
Note that --use-env is set by default in torchrun.
If your script expects `--local-rank` argument to be set, please
change it to read from `os.environ['LOCAL_RANK']` instead. See 
https://pytorch.org/docs/stable/distributed.html#launch-utility for 
further instructions

  warnings.warn(
WARNING:torch.distributed.run:
*****************************************
Setting OMP_NUM_THREADS environment variable for each process to be 1 in default, to avoid your system being overloaded, please further tune the variable for optimal performance in your application as needed. 
*****************************************
[rank: 1] Global seed set to 42
[rank: 0] Global seed set to 42
@lightning version: 1.9.3 [>=1.8 required]
***** Configing Model *****
@lightning version: 1.9.3 [>=1.8 required]
***** Configing Model *****
LatentVisualDiffusion: Running in v-prediction mode
LatentVisualDiffusion: Running in v-prediction mode
AE working on z of shape (1, 4, 32, 32) = 4096 dimensions.AE working on z of shape (1, 4, 32, 32) = 4096 dimensions.

/simurgh2/users/jesb/conda/envs/dyncraft/lib/python3.8/site-packages/timm/models/layers/__init__.py:49: FutureWarning: Importing from timm.models.layers is deprecated, please import via timm.layers
  warnings.warn(f"Importing from {__name__} is deprecated, please import via timm.layers", FutureWarning)
/simurgh2/users/jesb/conda/envs/dyncraft/lib/python3.8/site-packages/timm/models/layers/__init__.py:49: FutureWarning: Importing from timm.models.layers is deprecated, please import via timm.layers
  warnings.warn(f"Importing from {__name__} is deprecated, please import via timm.layers", FutureWarning)
/simurgh2/users/jesb/conda/envs/dyncraft/lib/python3.8/site-packages/torchvision/datapoints/__init__.py:12: UserWarning: The torchvision.datapoints and torchvision.transforms.v2 namespaces are still Beta. While we do not expect major breaking changes, some APIs may still change according to user feedback. Please submit any feedback you may have in this issue: https://github.com/pytorch/vision/issues/6753, and you can also check out https://github.com/pytorch/vision/issues/7319 to learn more about the APIs that we suspect might involve future changes. You can silence this warning by calling torchvision.disable_beta_transforms_warning().
  warnings.warn(_BETA_TRANSFORMS_WARNING)
/simurgh2/users/jesb/conda/envs/dyncraft/lib/python3.8/site-packages/torchvision/datapoints/__init__.py:12: UserWarning: The torchvision.datapoints and torchvision.transforms.v2 namespaces are still Beta. While we do not expect major breaking changes, some APIs may still change according to user feedback. Please submit any feedback you may have in this issue: https://github.com/pytorch/vision/issues/6753, and you can also check out https://github.com/pytorch/vision/issues/7319 to learn more about the APIs that we suspect might involve future changes. You can silence this warning by calling torchvision.disable_beta_transforms_warning().
  warnings.warn(_BETA_TRANSFORMS_WARNING)
/simurgh2/users/jesb/conda/envs/dyncraft/lib/python3.8/site-packages/torchvision/transforms/v2/__init__.py:54: UserWarning: The torchvision.datapoints and torchvision.transforms.v2 namespaces are still Beta. While we do not expect major breaking changes, some APIs may still change according to user feedback. Please submit any feedback you may have in this issue: https://github.com/pytorch/vision/issues/6753, and you can also check out https://github.com/pytorch/vision/issues/7319 to learn more about the APIs that we suspect might involve future changes. You can silence this warning by calling torchvision.disable_beta_transforms_warning().
  warnings.warn(_BETA_TRANSFORMS_WARNING)
/simurgh2/users/jesb/conda/envs/dyncraft/lib/python3.8/site-packages/torchvision/transforms/v2/__init__.py:54: UserWarning: The torchvision.datapoints and torchvision.transforms.v2 namespaces are still Beta. While we do not expect major breaking changes, some APIs may still change according to user feedback. Please submit any feedback you may have in this issue: https://github.com/pytorch/vision/issues/6753, and you can also check out https://github.com/pytorch/vision/issues/7319 to learn more about the APIs that we suspect might involve future changes. You can silence this warning by calling torchvision.disable_beta_transforms_warning().
  warnings.warn(_BETA_TRANSFORMS_WARNING)
>>> Load weights from pretrained checkpoint
INFO:mainlogger:>>> Load weights from pretrained checkpoint
>>> Load weights from pretrained checkpoint
INFO:mainlogger:>>> Load weights from pretrained checkpoint
>>> Loaded weights from pretrained checkpoint: /simurgh2/projects/Mask2IV/checkpoints/dyncraft/model.ckpt
INFO:mainlogger:>>> Loaded weights from pretrained checkpoint: /simurgh2/projects/Mask2IV/checkpoints/dyncraft/model.ckpt
Running on 2=1x2 GPUs
INFO:mainlogger:Running on 2=1x2 GPUs
***** Configing Data *****
INFO:mainlogger:***** Configing Data *****
>>> Loaded weights from pretrained checkpoint: /simurgh2/projects/Mask2IV/checkpoints/dyncraft/model.ckpt
INFO:mainlogger:>>> Loaded weights from pretrained checkpoint: /simurgh2/projects/Mask2IV/checkpoints/dyncraft/model.ckpt
Running on 2=1x2 GPUs
INFO:mainlogger:Running on 2=1x2 GPUs
***** Configing Data *****
INFO:mainlogger:***** Configing Data *****
>>> 11851 data samples loaded.>>> 11851 data samples loaded.

>>> 11851 data samples loaded.
>>> 11851 data samples loaded.
train, HOI4D, 11851
INFO:mainlogger:train, HOI4D, 11851
validation, HOI4D, 11851
INFO:mainlogger:validation, HOI4D, 11851
***** Configing Trainer *****
INFO:mainlogger:***** Configing Trainer *****
train, HOI4D, 11851
INFO:mainlogger:train, HOI4D, 11851
validation, HOI4D, 11851
INFO:mainlogger:validation, HOI4D, 11851
***** Configing Trainer *****
INFO:mainlogger:***** Configing Trainer *****
Traceback (most recent call last):
Traceback (most recent call last):
  File "/simurgh2/projects/Mask2IV/Mask2IV/main/trainer.py", line 146, in <module>
  File "/simurgh2/projects/Mask2IV/Mask2IV/main/trainer.py", line 146, in <module>
    trainer_kwargs["callbacks"] = [instantiate_from_config(callbacks_cfg[k]) for k in callbacks_cfg]
  File "/simurgh2/projects/Mask2IV/Mask2IV/main/trainer.py", line 146, in <listcomp>
        trainer_kwargs["callbacks"] = [instantiate_from_config(callbacks_cfg[k]) for k in callbacks_cfg]trainer_kwargs["callbacks"] = [instantiate_from_config(callbacks_cfg[k]) for k in callbacks_cfg]

  File "/simurgh2/projects/Mask2IV/Mask2IV/main/trainer.py", line 146, in <listcomp>
  File "/simurgh2/projects/Mask2IV/Mask2IV/main/../utils/utils.py", line 45, in instantiate_from_config
    trainer_kwargs["callbacks"] = [instantiate_from_config(callbacks_cfg[k]) for k in callbacks_cfg]
  File "/simurgh2/projects/Mask2IV/Mask2IV/main/../utils/utils.py", line 45, in instantiate_from_config
    return get_obj_from_str(config["target"])(**config.get("params", dict()))
  File "/simurgh2/users/jesb/conda/envs/dyncraft/lib/python3.8/site-packages/pytorch_lightning/callbacks/model_checkpoint.py", line 245, in __init__
    return get_obj_from_str(config["target"])(**config.get("params", dict()))
  File "/simurgh2/users/jesb/conda/envs/dyncraft/lib/python3.8/site-packages/pytorch_lightning/callbacks/model_checkpoint.py", line 245, in __init__
        self.__validate_init_configuration()self.__validate_init_configuration()

  File "/simurgh2/users/jesb/conda/envs/dyncraft/lib/python3.8/site-packages/pytorch_lightning/callbacks/model_checkpoint.py", line 425, in __validate_init_configuration
  File "/simurgh2/users/jesb/conda/envs/dyncraft/lib/python3.8/site-packages/pytorch_lightning/callbacks/model_checkpoint.py", line 425, in __validate_init_configuration
    raise MisconfigurationException(
lightning_fabric.utilities.exceptions.MisconfigurationException: ModelCheckpoint(save_top_k=3, monitor=None) is not a valid configuration. No quantity for top_k to track.
    raise MisconfigurationException(
lightning_fabric.utilities.exceptions.MisconfigurationException: ModelCheckpoint(save_top_k=3, monitor=None) is not a valid configuration. No quantity for top_k to track.
ERROR:torch.distributed.elastic.multiprocessing.api:failed (exitcode: 1) local_rank: 0 (pid: 1083550) of binary: /simurgh2/users/jesb/conda/envs/dyncraft/bin/python
Traceback (most recent call last):
  File "/simurgh2/users/jesb/conda/envs/dyncraft/lib/python3.8/runpy.py", line 194, in _run_module_as_main
    return _run_code(code, main_globals, None,
  File "/simurgh2/users/jesb/conda/envs/dyncraft/lib/python3.8/runpy.py", line 87, in _run_code
    exec(code, run_globals)
  File "/simurgh2/users/jesb/conda/envs/dyncraft/lib/python3.8/site-packages/torch/distributed/launch.py", line 196, in <module>
    main()
  File "/simurgh2/users/jesb/conda/envs/dyncraft/lib/python3.8/site-packages/torch/distributed/launch.py", line 192, in main
    launch(args)
  File "/simurgh2/users/jesb/conda/envs/dyncraft/lib/python3.8/site-packages/torch/distributed/launch.py", line 177, in launch
    run(args)
  File "/simurgh2/users/jesb/conda/envs/dyncraft/lib/python3.8/site-packages/torch/distributed/run.py", line 785, in run
    elastic_launch(
  File "/simurgh2/users/jesb/conda/envs/dyncraft/lib/python3.8/site-packages/torch/distributed/launcher/api.py", line 134, in __call__
    return launch_agent(self._config, self._entrypoint, list(args))
  File "/simurgh2/users/jesb/conda/envs/dyncraft/lib/python3.8/site-packages/torch/distributed/launcher/api.py", line 250, in launch_agent
    raise ChildFailedError(
torch.distributed.elastic.multiprocessing.errors.ChildFailedError: 
============================================================
/simurgh2/projects/Mask2IV/Mask2IV/main/trainer.py FAILED
------------------------------------------------------------
Failures:
[1]:
  time      : 2026-01-26_22:01:00
  host      : simurgh1.stanford.edu
  rank      : 1 (local_rank: 1)
  exitcode  : 1 (pid: 1083551)
  error_file: <N/A>
  traceback : To enable traceback see: https://pytorch.org/docs/stable/elastic/errors.html
------------------------------------------------------------
Root Cause (first observed failure):
[0]:
  time      : 2026-01-26_22:01:00
  host      : simurgh1.stanford.edu
  rank      : 0 (local_rank: 0)
  exitcode  : 1 (pid: 1083550)
  error_file: <N/A>
  traceback : To enable traceback see: https://pytorch.org/docs/stable/elastic/errors.html
============================================================
Done
