SLURM_JOBID=14196165
SLURM_JOB_NODELIST=simurgh6
SLURM_NNODES=1
SLURMTMPDIR=
working directory = /simurgh2/projects/Mask2IV/Mask2IV
/simurgh2/users/jesb/conda/envs/dyncraft/lib/python3.8/site-packages/torch/distributed/launch.py:181: FutureWarning: The module torch.distributed.launch is deprecated
and will be removed in future. Use torchrun.
Note that --use-env is set by default in torchrun.
If your script expects `--local-rank` argument to be set, please
change it to read from `os.environ['LOCAL_RANK']` instead. See 
https://pytorch.org/docs/stable/distributed.html#launch-utility for 
further instructions

  warnings.warn(
WARNING:torch.distributed.run:
*****************************************
Setting OMP_NUM_THREADS environment variable for each process to be 1 in default, to avoid your system being overloaded, please further tune the variable for optimal performance in your application as needed. 
*****************************************
[rank: 0] Global seed set to 42
@lightning version: 1.9.3 [>=1.8 required]
***** Configing Model *****
LatentVisualDiffusion: Running in v-prediction mode
[rank: 1] Global seed set to 42
@lightning version: 1.9.3 [>=1.8 required]
***** Configing Model *****
LatentVisualDiffusion: Running in v-prediction mode
AE working on z of shape (1, 4, 32, 32) = 4096 dimensions.
/simurgh2/users/jesb/conda/envs/dyncraft/lib/python3.8/site-packages/timm/models/layers/__init__.py:49: FutureWarning: Importing from timm.models.layers is deprecated, please import via timm.layers
  warnings.warn(f"Importing from {__name__} is deprecated, please import via timm.layers", FutureWarning)
/simurgh2/users/jesb/conda/envs/dyncraft/lib/python3.8/site-packages/torchvision/datapoints/__init__.py:12: UserWarning: The torchvision.datapoints and torchvision.transforms.v2 namespaces are still Beta. While we do not expect major breaking changes, some APIs may still change according to user feedback. Please submit any feedback you may have in this issue: https://github.com/pytorch/vision/issues/6753, and you can also check out https://github.com/pytorch/vision/issues/7319 to learn more about the APIs that we suspect might involve future changes. You can silence this warning by calling torchvision.disable_beta_transforms_warning().
  warnings.warn(_BETA_TRANSFORMS_WARNING)
/simurgh2/users/jesb/conda/envs/dyncraft/lib/python3.8/site-packages/torchvision/transforms/v2/__init__.py:54: UserWarning: The torchvision.datapoints and torchvision.transforms.v2 namespaces are still Beta. While we do not expect major breaking changes, some APIs may still change according to user feedback. Please submit any feedback you may have in this issue: https://github.com/pytorch/vision/issues/6753, and you can also check out https://github.com/pytorch/vision/issues/7319 to learn more about the APIs that we suspect might involve future changes. You can silence this warning by calling torchvision.disable_beta_transforms_warning().
  warnings.warn(_BETA_TRANSFORMS_WARNING)
AE working on z of shape (1, 4, 32, 32) = 4096 dimensions.
/simurgh2/users/jesb/conda/envs/dyncraft/lib/python3.8/site-packages/timm/models/layers/__init__.py:49: FutureWarning: Importing from timm.models.layers is deprecated, please import via timm.layers
  warnings.warn(f"Importing from {__name__} is deprecated, please import via timm.layers", FutureWarning)
/simurgh2/users/jesb/conda/envs/dyncraft/lib/python3.8/site-packages/torchvision/datapoints/__init__.py:12: UserWarning: The torchvision.datapoints and torchvision.transforms.v2 namespaces are still Beta. While we do not expect major breaking changes, some APIs may still change according to user feedback. Please submit any feedback you may have in this issue: https://github.com/pytorch/vision/issues/6753, and you can also check out https://github.com/pytorch/vision/issues/7319 to learn more about the APIs that we suspect might involve future changes. You can silence this warning by calling torchvision.disable_beta_transforms_warning().
  warnings.warn(_BETA_TRANSFORMS_WARNING)
/simurgh2/users/jesb/conda/envs/dyncraft/lib/python3.8/site-packages/torchvision/transforms/v2/__init__.py:54: UserWarning: The torchvision.datapoints and torchvision.transforms.v2 namespaces are still Beta. While we do not expect major breaking changes, some APIs may still change according to user feedback. Please submit any feedback you may have in this issue: https://github.com/pytorch/vision/issues/6753, and you can also check out https://github.com/pytorch/vision/issues/7319 to learn more about the APIs that we suspect might involve future changes. You can silence this warning by calling torchvision.disable_beta_transforms_warning().
  warnings.warn(_BETA_TRANSFORMS_WARNING)
>>> Load weights from pretrained checkpoint
INFO:mainlogger:>>> Load weights from pretrained checkpoint
>>> Load weights from pretrained checkpoint
INFO:mainlogger:>>> Load weights from pretrained checkpoint
>>> Loaded weights from pretrained checkpoint: /simurgh2/projects/Mask2IV/checkpoints/dyncraft/model.ckpt
INFO:mainlogger:>>> Loaded weights from pretrained checkpoint: /simurgh2/projects/Mask2IV/checkpoints/dyncraft/model.ckpt
Running on 2=1x2 GPUs
INFO:mainlogger:Running on 2=1x2 GPUs
***** Configing Data *****
INFO:mainlogger:***** Configing Data *****
>>> Loaded weights from pretrained checkpoint: /simurgh2/projects/Mask2IV/checkpoints/dyncraft/model.ckpt
INFO:mainlogger:>>> Loaded weights from pretrained checkpoint: /simurgh2/projects/Mask2IV/checkpoints/dyncraft/model.ckpt
Running on 2=1x2 GPUs
INFO:mainlogger:Running on 2=1x2 GPUs
***** Configing Data *****
INFO:mainlogger:***** Configing Data *****
>>> 11851 data samples loaded.
>>> 11851 data samples loaded.
train, HOI4D, 11851
INFO:mainlogger:train, HOI4D, 11851
validation, HOI4D, 11851
INFO:mainlogger:validation, HOI4D, 11851
***** Configing Trainer *****
INFO:mainlogger:***** Configing Trainer *****
/simurgh2/users/jesb/conda/envs/dyncraft/lib/python3.8/site-packages/pytorch_lightning/strategies/sharded.py:45: LightningDeprecationWarning: PyTorch Lightning's sharded implementation using FairScale has been deprecated in v1.9.0 and will be removed in v2.0.0. You can try using the `Trainer(strategy='fsdp_native')` instead. The difference is that native FSDP uses PyTorch's implementation and the current strategy uses FairScale's implementation (which was upstreamed to PyTorch). After removal, `strategy='fsdp'` will use the native version by default.
  rank_zero_deprecation(
/simurgh2/users/jesb/conda/envs/dyncraft/lib/python3.8/site-packages/lightning_fabric/plugins/environments/slurm.py:166: PossibleUserWarning: The `srun` command is available on your system but is not used. HINT: If your intention is to run Lightning on SLURM, prepend your python command with `srun` like so: srun python /simurgh2/projects/Mask2IV/Mask2IV/main/trainer.py - ...
  rank_zero_warn(
Using 16bit None Automatic Mixed Precision (AMP)
/simurgh2/users/jesb/conda/envs/dyncraft/lib/python3.8/site-packages/pytorch_lightning/plugins/precision/sharded_native_amp.py:36: LightningDeprecationWarning: PyTorch Lightning's sharded implementation using FairScale has been deprecated in v1.9.0 and will be removed in v2.0.0. You can try using the `Trainer(strategy='fsdp_native')` instead. The difference is that native FSDP uses PyTorch's implementation and the current strategy uses FairScale's implementation (which was upstreamed to PyTorch). After removal, `strategy='fsdp'` will use the native version by default.
  rank_zero_deprecation(
GPU available: True (cuda), used: True
TPU available: False, using: 0 TPU cores
IPU available: False, using: 0 IPUs
HPU available: False, using: 0 HPUs
***** Running the Loop *****
INFO:mainlogger:***** Running the Loop *****
<Training in DDPSharded Mode>
INFO:mainlogger:<Training in DDPSharded Mode>
/simurgh2/users/jesb/conda/envs/dyncraft/lib/python3.8/site-packages/lightning_fabric/plugins/environments/slurm.py:166: PossibleUserWarning: The `srun` command is available on your system but is not used. HINT: If your intention is to run Lightning on SLURM, prepend your python command with `srun` like so: srun python /simurgh2/projects/Mask2IV/Mask2IV/main/trainer.py - ...
  rank_zero_warn(
[rank: 0] Global seed set to 42
Initializing distributed: GLOBAL_RANK: 0, MEMBER: 1/2
>>> 11851 data samples loaded.
>>> 11851 data samples loaded.
train, HOI4D, 11851
INFO:mainlogger:train, HOI4D, 11851
validation, HOI4D, 11851
INFO:mainlogger:validation, HOI4D, 11851
***** Configing Trainer *****
INFO:mainlogger:***** Configing Trainer *****
***** Running the Loop *****
INFO:mainlogger:***** Running the Loop *****
<Training in DDPSharded Mode>
INFO:mainlogger:<Training in DDPSharded Mode>
[rank: 1] Global seed set to 42
Initializing distributed: GLOBAL_RANK: 1, MEMBER: 2/2
----------------------------------------------------------------------------------------------------
distributed_backend=nccl
All distributed processes registered. Starting with 2 processes
----------------------------------------------------------------------------------------------------

You are using a CUDA device ('NVIDIA L40S') that has Tensor Cores. To properly utilize them, you should set `torch.set_float32_matmul_precision('medium' | 'high')` which will trade-off precision for performance. For more details, read https://pytorch.org/docs/stable/generated/torch.set_float32_matmul_precision.html#torch.set_float32_matmul_precision
>>> 11851 data samples loaded.
>>> 11851 data samples loaded.
>>> 11851 data samples loaded.
>>> 11851 data samples loaded.
/simurgh2/users/jesb/conda/envs/dyncraft/lib/python3.8/site-packages/pytorch_lightning/callbacks/model_checkpoint.py:613: UserWarning: Checkpoint directory /simurgh2/projects/Mask2IV/Mask2IV/exp_outputs/first_stage/hoi4d/exp1/checkpoints exists and is not empty.
  rank_zero_warn(f"Checkpoint directory {dirpath} exists and is not empty.")
LOCAL_RANK: 0 - CUDA_VISIBLE_DEVICES: [0,1]
LOCAL_RANK: 1 - CUDA_VISIBLE_DEVICES: [0,1]
@Training [1138/1516] of Full Paramters.
INFO:mainlogger:@Training [1138/1516] of Full Paramters.
@Training [51] Paramters for Image_proj_model.
INFO:mainlogger:@Training [51] Paramters for Image_proj_model.
@Training [1138/1516] of Full Paramters.
INFO:mainlogger:@Training [1138/1516] of Full Paramters.
@Training [51] Paramters for Image_proj_model.
INFO:mainlogger:@Training [51] Paramters for Image_proj_model.

  | Name              | Type                          | Params
--------------------------------------------------------------------
0 | model             | DiffusionWrapper              | 1.4 B 
1 | first_stage_model | AutoencoderKL                 | 83.7 M
2 | cond_stage_model  | FrozenOpenCLIPEmbedder        | 354 M 
3 | embedder          | FrozenOpenCLIPImageEmbedderV2 | 683 M 
4 | image_proj_model  | Resampler                     | 48.8 M
--------------------------------------------------------------------
1.2 B     Trainable params
1.4 B     Non-trainable params
2.6 B     Total params
5,218.281 Total estimated model params size (MB)
Training: 0it [00:00, ?it/s]Training:   0%|          | 0/756 [00:00<?, ?it/s]Epoch 0:   0%|          | 0/756 [00:00<?, ?it/s] /simurgh2/users/jesb/conda/envs/dyncraft/lib/python3.8/site-packages/torchvision/transforms/functional.py:1603: UserWarning: The default value of the antialias parameter of all the resizing transforms (Resize(), RandomResizedCrop(), etc.) will change from None to True in v0.17, in order to be consistent across the PIL and Tensor backends. To suppress this warning, directly pass antialias=True (recommended, future default), antialias=None (current default, which means False for Tensors and True for PIL), or antialias=False (only works on Tensors - PIL will still use antialiasing). This also applies if you are using the inference transforms from the models weights: update the call to weights.transforms(antialias=True).
  warnings.warn(
/simurgh2/users/jesb/conda/envs/dyncraft/lib/python3.8/site-packages/torchvision/transforms/functional.py:1603: UserWarning: The default value of the antialias parameter of all the resizing transforms (Resize(), RandomResizedCrop(), etc.) will change from None to True in v0.17, in order to be consistent across the PIL and Tensor backends. To suppress this warning, directly pass antialias=True (recommended, future default), antialias=None (current default, which means False for Tensors and True for PIL), or antialias=False (only works on Tensors - PIL will still use antialiasing). This also applies if you are using the inference transforms from the models weights: update the call to weights.transforms(antialias=True).
  warnings.warn(
/simurgh2/users/jesb/conda/envs/dyncraft/lib/python3.8/site-packages/torchvision/transforms/functional.py:1603: UserWarning: The default value of the antialias parameter of all the resizing transforms (Resize(), RandomResizedCrop(), etc.) will change from None to True in v0.17, in order to be consistent across the PIL and Tensor backends. To suppress this warning, directly pass antialias=True (recommended, future default), antialias=None (current default, which means False for Tensors and True for PIL), or antialias=False (only works on Tensors - PIL will still use antialiasing). This also applies if you are using the inference transforms from the models weights: update the call to weights.transforms(antialias=True).
  warnings.warn(
/simurgh2/users/jesb/conda/envs/dyncraft/lib/python3.8/site-packages/torchvision/transforms/functional.py:1603: UserWarning: The default value of the antialias parameter of all the resizing transforms (Resize(), RandomResizedCrop(), etc.) will change from None to True in v0.17, in order to be consistent across the PIL and Tensor backends. To suppress this warning, directly pass antialias=True (recommended, future default), antialias=None (current default, which means False for Tensors and True for PIL), or antialias=False (only works on Tensors - PIL will still use antialiasing). This also applies if you are using the inference transforms from the models weights: update the call to weights.transforms(antialias=True).
  warnings.warn(
/simurgh2/users/jesb/conda/envs/dyncraft/lib/python3.8/site-packages/torchvision/transforms/functional.py:1603: UserWarning: The default value of the antialias parameter of all the resizing transforms (Resize(), RandomResizedCrop(), etc.) will change from None to True in v0.17, in order to be consistent across the PIL and Tensor backends. To suppress this warning, directly pass antialias=True (recommended, future default), antialias=None (current default, which means False for Tensors and True for PIL), or antialias=False (only works on Tensors - PIL will still use antialiasing). This also applies if you are using the inference transforms from the models weights: update the call to weights.transforms(antialias=True).
  warnings.warn(
/simurgh2/users/jesb/conda/envs/dyncraft/lib/python3.8/site-packages/torchvision/transforms/functional.py:1603: UserWarning: The default value of the antialias parameter of all the resizing transforms (Resize(), RandomResizedCrop(), etc.) will change from None to True in v0.17, in order to be consistent across the PIL and Tensor backends. To suppress this warning, directly pass antialias=True (recommended, future default), antialias=None (current default, which means False for Tensors and True for PIL), or antialias=False (only works on Tensors - PIL will still use antialiasing). This also applies if you are using the inference transforms from the models weights: update the call to weights.transforms(antialias=True).
  warnings.warn(
/simurgh2/users/jesb/conda/envs/dyncraft/lib/python3.8/site-packages/torchvision/transforms/functional.py:1603: UserWarning: The default value of the antialias parameter of all the resizing transforms (Resize(), RandomResizedCrop(), etc.) will change from None to True in v0.17, in order to be consistent across the PIL and Tensor backends. To suppress this warning, directly pass antialias=True (recommended, future default), antialias=None (current default, which means False for Tensors and True for PIL), or antialias=False (only works on Tensors - PIL will still use antialiasing). This also applies if you are using the inference transforms from the models weights: update the call to weights.transforms(antialias=True).
  warnings.warn(
/simurgh2/users/jesb/conda/envs/dyncraft/lib/python3.8/site-packages/torchvision/transforms/functional.py:1603: UserWarning: The default value of the antialias parameter of all the resizing transforms (Resize(), RandomResizedCrop(), etc.) will change from None to True in v0.17, in order to be consistent across the PIL and Tensor backends. To suppress this warning, directly pass antialias=True (recommended, future default), antialias=None (current default, which means False for Tensors and True for PIL), or antialias=False (only works on Tensors - PIL will still use antialiasing). This also applies if you are using the inference transforms from the models weights: update the call to weights.transforms(antialias=True).
  warnings.warn(
Traceback (most recent call last):
  File "/simurgh2/projects/Mask2IV/Mask2IV/main/trainer.py", line 189, in <module>
    trainer.fit(model, data)
  File "/simurgh2/users/jesb/conda/envs/dyncraft/lib/python3.8/site-packages/pytorch_lightning/trainer/trainer.py", line 608, in fit
    call._call_and_handle_interrupt(
  File "/simurgh2/users/jesb/conda/envs/dyncraft/lib/python3.8/site-packages/pytorch_lightning/trainer/call.py", line 38, in _call_and_handle_interrupt
    return trainer_fn(*args, **kwargs)
  File "/simurgh2/users/jesb/conda/envs/dyncraft/lib/python3.8/site-packages/pytorch_lightning/trainer/trainer.py", line 650, in _fit_impl
    self._run(model, ckpt_path=self.ckpt_path)
  File "/simurgh2/users/jesb/conda/envs/dyncraft/lib/python3.8/site-packages/pytorch_lightning/trainer/trainer.py", line 1112, in _run
    results = self._run_stage()
  File "/simurgh2/users/jesb/conda/envs/dyncraft/lib/python3.8/site-packages/pytorch_lightning/trainer/trainer.py", line 1191, in _run_stage
    self._run_train()
  File "/simurgh2/users/jesb/conda/envs/dyncraft/lib/python3.8/site-packages/pytorch_lightning/trainer/trainer.py", line 1214, in _run_train
    self.fit_loop.run()
  File "/simurgh2/users/jesb/conda/envs/dyncraft/lib/python3.8/site-packages/pytorch_lightning/loops/loop.py", line 199, in run
    self.advance(*args, **kwargs)
  File "/simurgh2/users/jesb/conda/envs/dyncraft/lib/python3.8/site-packages/pytorch_lightning/loops/fit_loop.py", line 267, in advance
    self._outputs = self.epoch_loop.run(self._data_fetcher)
  File "/simurgh2/users/jesb/conda/envs/dyncraft/lib/python3.8/site-packages/pytorch_lightning/loops/loop.py", line 199, in run
    self.advance(*args, **kwargs)
  File "/simurgh2/users/jesb/conda/envs/dyncraft/lib/python3.8/site-packages/pytorch_lightning/loops/epoch/training_epoch_loop.py", line 213, in advance
    batch_output = self.batch_loop.run(kwargs)
  File "/simurgh2/users/jesb/conda/envs/dyncraft/lib/python3.8/site-packages/pytorch_lightning/loops/loop.py", line 199, in run
    self.advance(*args, **kwargs)
  File "/simurgh2/users/jesb/conda/envs/dyncraft/lib/python3.8/site-packages/pytorch_lightning/loops/batch/training_batch_loop.py", line 88, in advance
    outputs = self.optimizer_loop.run(optimizers, kwargs)
  File "/simurgh2/users/jesb/conda/envs/dyncraft/lib/python3.8/site-packages/pytorch_lightning/loops/loop.py", line 199, in run
    self.advance(*args, **kwargs)
  File "/simurgh2/users/jesb/conda/envs/dyncraft/lib/python3.8/site-packages/pytorch_lightning/loops/optimization/optimizer_loop.py", line 202, in advance
    result = self._run_optimization(kwargs, self._optimizers[self.optim_progress.optimizer_position])
  File "/simurgh2/users/jesb/conda/envs/dyncraft/lib/python3.8/site-packages/pytorch_lightning/loops/optimization/optimizer_loop.py", line 241, in _run_optimization
    closure()
  File "/simurgh2/users/jesb/conda/envs/dyncraft/lib/python3.8/site-packages/pytorch_lightning/loops/optimization/optimizer_loop.py", line 149, in __call__
    self._result = self.closure(*args, **kwargs)
  File "/simurgh2/users/jesb/conda/envs/dyncraft/lib/python3.8/site-packages/pytorch_lightning/loops/optimization/optimizer_loop.py", line 144, in closure
    self._backward_fn(step_output.closure_loss)
  File "/simurgh2/users/jesb/conda/envs/dyncraft/lib/python3.8/site-packages/pytorch_lightning/loops/optimization/optimizer_loop.py", line 305, in backward_fn
    self.trainer._call_strategy_hook("backward", loss, optimizer, opt_idx)
  File "/simurgh2/users/jesb/conda/envs/dyncraft/lib/python3.8/site-packages/pytorch_lightning/trainer/trainer.py", line 1494, in _call_strategy_hook
    output = fn(*args, **kwargs)
  File "/simurgh2/users/jesb/conda/envs/dyncraft/lib/python3.8/site-packages/pytorch_lightning/strategies/strategy.py", line 207, in backward
    self.precision_plugin.backward(closure_loss, self.lightning_module, optimizer, optimizer_idx, *args, **kwargs)
  File "/simurgh2/users/jesb/conda/envs/dyncraft/lib/python3.8/site-packages/pytorch_lightning/plugins/precision/precision_plugin.py", line 67, in backward
    model.backward(tensor, optimizer, optimizer_idx, *args, **kwargs)
  File "/simurgh2/users/jesb/conda/envs/dyncraft/lib/python3.8/site-packages/pytorch_lightning/core/module.py", line 1486, in backward
    loss.backward(*args, **kwargs)
  File "/simurgh2/users/jesb/conda/envs/dyncraft/lib/python3.8/site-packages/torch/_tensor.py", line 487, in backward
    torch.autograd.backward(
  File "/simurgh2/users/jesb/conda/envs/dyncraft/lib/python3.8/site-packages/torch/autograd/__init__.py", line 200, in backward
    Variable._execution_engine.run_backward(  # Calls into the C++ engine to run the backward pass
  File "/simurgh2/users/jesb/conda/envs/dyncraft/lib/python3.8/site-packages/torch/utils/checkpoint.py", line 420, in unpack
    _unused = function(*args, **kwargs)
  File "/simurgh2/projects/Mask2IV/Mask2IV/main/../lvdm/modules/attention.py", line 349, in _forward
    x = self.ff(self.norm3(x)) + x
  File "/simurgh2/users/jesb/conda/envs/dyncraft/lib/python3.8/site-packages/torch/nn/modules/module.py", line 1501, in _call_impl
    return forward_call(*args, **kwargs)
  File "/simurgh2/projects/Mask2IV/Mask2IV/main/../lvdm/modules/attention.py", line 547, in forward
    return self.net(x)
  File "/simurgh2/users/jesb/conda/envs/dyncraft/lib/python3.8/site-packages/torch/nn/modules/module.py", line 1501, in _call_impl
    return forward_call(*args, **kwargs)
  File "/simurgh2/users/jesb/conda/envs/dyncraft/lib/python3.8/site-packages/torch/nn/modules/container.py", line 217, in forward
    input = module(input)
  File "/simurgh2/users/jesb/conda/envs/dyncraft/lib/python3.8/site-packages/torch/nn/modules/module.py", line 1501, in _call_impl
    return forward_call(*args, **kwargs)
  File "/simurgh2/users/jesb/conda/envs/dyncraft/lib/python3.8/site-packages/torch/nn/modules/linear.py", line 114, in forward
    return F.linear(input, self.weight, self.bias)
torch.cuda.OutOfMemoryError: CUDA out of memory. Tried to allocate 200.00 MiB (GPU 1; 44.39 GiB total capacity; 42.34 GiB already allocated; 101.38 MiB free; 43.62 GiB reserved in total by PyTorch) If reserved memory is >> allocated memory try setting max_split_size_mb to avoid fragmentation.  See documentation for Memory Management and PYTORCH_CUDA_ALLOC_CONF
Traceback (most recent call last):
  File "/simurgh2/projects/Mask2IV/Mask2IV/main/trainer.py", line 189, in <module>
    trainer.fit(model, data)
  File "/simurgh2/users/jesb/conda/envs/dyncraft/lib/python3.8/site-packages/pytorch_lightning/trainer/trainer.py", line 608, in fit
    call._call_and_handle_interrupt(
  File "/simurgh2/users/jesb/conda/envs/dyncraft/lib/python3.8/site-packages/pytorch_lightning/trainer/call.py", line 38, in _call_and_handle_interrupt
    return trainer_fn(*args, **kwargs)
  File "/simurgh2/users/jesb/conda/envs/dyncraft/lib/python3.8/site-packages/pytorch_lightning/trainer/trainer.py", line 650, in _fit_impl
    self._run(model, ckpt_path=self.ckpt_path)
  File "/simurgh2/users/jesb/conda/envs/dyncraft/lib/python3.8/site-packages/pytorch_lightning/trainer/trainer.py", line 1112, in _run
    results = self._run_stage()
  File "/simurgh2/users/jesb/conda/envs/dyncraft/lib/python3.8/site-packages/pytorch_lightning/trainer/trainer.py", line 1191, in _run_stage
    self._run_train()
  File "/simurgh2/users/jesb/conda/envs/dyncraft/lib/python3.8/site-packages/pytorch_lightning/trainer/trainer.py", line 1214, in _run_train
    self.fit_loop.run()
  File "/simurgh2/users/jesb/conda/envs/dyncraft/lib/python3.8/site-packages/pytorch_lightning/loops/loop.py", line 199, in run
    self.advance(*args, **kwargs)
  File "/simurgh2/users/jesb/conda/envs/dyncraft/lib/python3.8/site-packages/pytorch_lightning/loops/fit_loop.py", line 267, in advance
    self._outputs = self.epoch_loop.run(self._data_fetcher)
  File "/simurgh2/users/jesb/conda/envs/dyncraft/lib/python3.8/site-packages/pytorch_lightning/loops/loop.py", line 199, in run
    self.advance(*args, **kwargs)
  File "/simurgh2/users/jesb/conda/envs/dyncraft/lib/python3.8/site-packages/pytorch_lightning/loops/epoch/training_epoch_loop.py", line 213, in advance
    batch_output = self.batch_loop.run(kwargs)
  File "/simurgh2/users/jesb/conda/envs/dyncraft/lib/python3.8/site-packages/pytorch_lightning/loops/loop.py", line 199, in run
    self.advance(*args, **kwargs)
  File "/simurgh2/users/jesb/conda/envs/dyncraft/lib/python3.8/site-packages/pytorch_lightning/loops/batch/training_batch_loop.py", line 88, in advance
    outputs = self.optimizer_loop.run(optimizers, kwargs)
  File "/simurgh2/users/jesb/conda/envs/dyncraft/lib/python3.8/site-packages/pytorch_lightning/loops/loop.py", line 199, in run
    self.advance(*args, **kwargs)
  File "/simurgh2/users/jesb/conda/envs/dyncraft/lib/python3.8/site-packages/pytorch_lightning/loops/optimization/optimizer_loop.py", line 202, in advance
    result = self._run_optimization(kwargs, self._optimizers[self.optim_progress.optimizer_position])
  File "/simurgh2/users/jesb/conda/envs/dyncraft/lib/python3.8/site-packages/pytorch_lightning/loops/optimization/optimizer_loop.py", line 241, in _run_optimization
    closure()
  File "/simurgh2/users/jesb/conda/envs/dyncraft/lib/python3.8/site-packages/pytorch_lightning/loops/optimization/optimizer_loop.py", line 149, in __call__
    self._result = self.closure(*args, **kwargs)
  File "/simurgh2/users/jesb/conda/envs/dyncraft/lib/python3.8/site-packages/pytorch_lightning/loops/optimization/optimizer_loop.py", line 144, in closure
    self._backward_fn(step_output.closure_loss)
  File "/simurgh2/users/jesb/conda/envs/dyncraft/lib/python3.8/site-packages/pytorch_lightning/loops/optimization/optimizer_loop.py", line 305, in backward_fn
    self.trainer._call_strategy_hook("backward", loss, optimizer, opt_idx)
  File "/simurgh2/users/jesb/conda/envs/dyncraft/lib/python3.8/site-packages/pytorch_lightning/trainer/trainer.py", line 1494, in _call_strategy_hook
    output = fn(*args, **kwargs)
  File "/simurgh2/users/jesb/conda/envs/dyncraft/lib/python3.8/site-packages/pytorch_lightning/strategies/strategy.py", line 207, in backward
    self.precision_plugin.backward(closure_loss, self.lightning_module, optimizer, optimizer_idx, *args, **kwargs)
  File "/simurgh2/users/jesb/conda/envs/dyncraft/lib/python3.8/site-packages/pytorch_lightning/plugins/precision/precision_plugin.py", line 67, in backward
    model.backward(tensor, optimizer, optimizer_idx, *args, **kwargs)
  File "/simurgh2/users/jesb/conda/envs/dyncraft/lib/python3.8/site-packages/pytorch_lightning/core/module.py", line 1486, in backward
    loss.backward(*args, **kwargs)
  File "/simurgh2/users/jesb/conda/envs/dyncraft/lib/python3.8/site-packages/torch/_tensor.py", line 487, in backward
    torch.autograd.backward(
  File "/simurgh2/users/jesb/conda/envs/dyncraft/lib/python3.8/site-packages/torch/autograd/__init__.py", line 200, in backward
    Variable._execution_engine.run_backward(  # Calls into the C++ engine to run the backward pass
  File "/simurgh2/users/jesb/conda/envs/dyncraft/lib/python3.8/site-packages/torch/utils/checkpoint.py", line 420, in unpack
    _unused = function(*args, **kwargs)
  File "/simurgh2/projects/Mask2IV/Mask2IV/main/../lvdm/modules/attention.py", line 349, in _forward
    x = self.ff(self.norm3(x)) + x
  File "/simurgh2/users/jesb/conda/envs/dyncraft/lib/python3.8/site-packages/torch/nn/modules/module.py", line 1501, in _call_impl
    return forward_call(*args, **kwargs)
  File "/simurgh2/projects/Mask2IV/Mask2IV/main/../lvdm/modules/attention.py", line 547, in forward
    return self.net(x)
  File "/simurgh2/users/jesb/conda/envs/dyncraft/lib/python3.8/site-packages/torch/nn/modules/module.py", line 1501, in _call_impl
    return forward_call(*args, **kwargs)
  File "/simurgh2/users/jesb/conda/envs/dyncraft/lib/python3.8/site-packages/torch/nn/modules/container.py", line 217, in forward
    input = module(input)
  File "/simurgh2/users/jesb/conda/envs/dyncraft/lib/python3.8/site-packages/torch/nn/modules/module.py", line 1501, in _call_impl
    return forward_call(*args, **kwargs)
  File "/simurgh2/projects/Mask2IV/Mask2IV/main/../lvdm/modules/attention.py", line 527, in forward
    return x * F.gelu(gate)
torch.cuda.OutOfMemoryError: CUDA out of memory. Tried to allocate 800.00 MiB (GPU 0; 44.39 GiB total capacity; 41.56 GiB already allocated; 789.38 MiB free; 42.95 GiB reserved in total by PyTorch) If reserved memory is >> allocated memory try setting max_split_size_mb to avoid fragmentation.  See documentation for Memory Management and PYTORCH_CUDA_ALLOC_CONF
Epoch 0:   0%|          | 0/756 [01:18<?, ?it/s]
ERROR:torch.distributed.elastic.multiprocessing.api:failed (exitcode: 1) local_rank: 0 (pid: 3692851) of binary: /simurgh2/users/jesb/conda/envs/dyncraft/bin/python
Traceback (most recent call last):
  File "/simurgh2/users/jesb/conda/envs/dyncraft/lib/python3.8/runpy.py", line 194, in _run_module_as_main
    return _run_code(code, main_globals, None,
  File "/simurgh2/users/jesb/conda/envs/dyncraft/lib/python3.8/runpy.py", line 87, in _run_code
    exec(code, run_globals)
  File "/simurgh2/users/jesb/conda/envs/dyncraft/lib/python3.8/site-packages/torch/distributed/launch.py", line 196, in <module>
    main()
  File "/simurgh2/users/jesb/conda/envs/dyncraft/lib/python3.8/site-packages/torch/distributed/launch.py", line 192, in main
    launch(args)
  File "/simurgh2/users/jesb/conda/envs/dyncraft/lib/python3.8/site-packages/torch/distributed/launch.py", line 177, in launch
    run(args)
  File "/simurgh2/users/jesb/conda/envs/dyncraft/lib/python3.8/site-packages/torch/distributed/run.py", line 785, in run
    elastic_launch(
  File "/simurgh2/users/jesb/conda/envs/dyncraft/lib/python3.8/site-packages/torch/distributed/launcher/api.py", line 134, in __call__
    return launch_agent(self._config, self._entrypoint, list(args))
  File "/simurgh2/users/jesb/conda/envs/dyncraft/lib/python3.8/site-packages/torch/distributed/launcher/api.py", line 250, in launch_agent
    raise ChildFailedError(
torch.distributed.elastic.multiprocessing.errors.ChildFailedError: 
============================================================
/simurgh2/projects/Mask2IV/Mask2IV/main/trainer.py FAILED
------------------------------------------------------------
Failures:
[1]:
  time      : 2026-01-27_13:27:18
  host      : simurgh6.stanford.edu
  rank      : 1 (local_rank: 1)
  exitcode  : 1 (pid: 3692852)
  error_file: <N/A>
  traceback : To enable traceback see: https://pytorch.org/docs/stable/elastic/errors.html
------------------------------------------------------------
Root Cause (first observed failure):
[0]:
  time      : 2026-01-27_13:27:18
  host      : simurgh6.stanford.edu
  rank      : 0 (local_rank: 0)
  exitcode  : 1 (pid: 3692851)
  error_file: <N/A>
  traceback : To enable traceback see: https://pytorch.org/docs/stable/elastic/errors.html
============================================================
Done
