SLURM_JOBID=14165551
SLURM_JOB_NODELIST=simurgh3
SLURM_NNODES=1
SLURMTMPDIR=
working directory = /simurgh2/projects/Mask2IV/Mask2IV
/simurgh2/users/jesb/conda/envs/dyncraft/lib/python3.8/site-packages/torch/distributed/launch.py:181: FutureWarning: The module torch.distributed.launch is deprecated
and will be removed in future. Use torchrun.
Note that --use-env is set by default in torchrun.
If your script expects `--local-rank` argument to be set, please
change it to read from `os.environ['LOCAL_RANK']` instead. See 
https://pytorch.org/docs/stable/distributed.html#launch-utility for 
further instructions

  warnings.warn(
WARNING:torch.distributed.run:
*****************************************
Setting OMP_NUM_THREADS environment variable for each process to be 1 in default, to avoid your system being overloaded, please further tune the variable for optimal performance in your application as needed. 
*****************************************
[rank: 1] Global seed set to 42
[rank: 0] Global seed set to 42
Traceback (most recent call last):
  File "/simurgh2/projects/Mask2IV/Mask2IV/main/trainer.py", line 62, in <module>
    configs = [OmegaConf.load(cfg) for cfg in args.base]
  File "/simurgh2/projects/Mask2IV/Mask2IV/main/trainer.py", line 62, in <listcomp>
    configs = [OmegaConf.load(cfg) for cfg in args.base]
  File "/simurgh2/users/jesb/conda/envs/dyncraft/lib/python3.8/site-packages/omegaconf/omegaconf.py", line 184, in load
Traceback (most recent call last):
  File "/simurgh2/projects/Mask2IV/Mask2IV/main/trainer.py", line 62, in <module>
    configs = [OmegaConf.load(cfg) for cfg in args.base]
  File "/simurgh2/projects/Mask2IV/Mask2IV/main/trainer.py", line 62, in <listcomp>
    configs = [OmegaConf.load(cfg) for cfg in args.base]
  File "/simurgh2/users/jesb/conda/envs/dyncraft/lib/python3.8/site-packages/omegaconf/omegaconf.py", line 184, in load
    obj = yaml.load(f, Loader=get_yaml_loader())
  File "/simurgh2/users/jesb/conda/envs/dyncraft/lib/python3.8/site-packages/yaml/__init__.py", line 81, in load
    obj = yaml.load(f, Loader=get_yaml_loader())
  File "/simurgh2/users/jesb/conda/envs/dyncraft/lib/python3.8/site-packages/yaml/__init__.py", line 81, in load
    return loader.get_single_data()
  File "/simurgh2/users/jesb/conda/envs/dyncraft/lib/python3.8/site-packages/yaml/constructor.py", line 51, in get_single_data
    return loader.get_single_data()
  File "/simurgh2/users/jesb/conda/envs/dyncraft/lib/python3.8/site-packages/yaml/constructor.py", line 51, in get_single_data
    return self.construct_document(node)
  File "/simurgh2/users/jesb/conda/envs/dyncraft/lib/python3.8/site-packages/yaml/constructor.py", line 60, in construct_document
    return self.construct_document(node)
  File "/simurgh2/users/jesb/conda/envs/dyncraft/lib/python3.8/site-packages/yaml/constructor.py", line 60, in construct_document
    for dummy in generator:
  File "/simurgh2/users/jesb/conda/envs/dyncraft/lib/python3.8/site-packages/yaml/constructor.py", line 413, in construct_yaml_map
    for dummy in generator:
  File "/simurgh2/users/jesb/conda/envs/dyncraft/lib/python3.8/site-packages/yaml/constructor.py", line 413, in construct_yaml_map
    value = self.construct_mapping(node)
  File "/simurgh2/users/jesb/conda/envs/dyncraft/lib/python3.8/site-packages/omegaconf/_utils.py", line 132, in construct_mapping
    value = self.construct_mapping(node)
  File "/simurgh2/users/jesb/conda/envs/dyncraft/lib/python3.8/site-packages/omegaconf/_utils.py", line 132, in construct_mapping
    raise yaml.constructor.ConstructorError(
yaml.constructor.ConstructorError: while constructing a mapping
  in "/simurgh2/projects/Mask2IV/Mask2IV/configs/training_512_v1.0/config_hoi4d_first.yaml", line 160, column 5
found duplicate key check_val_every_n_epoch
  in "/simurgh2/projects/Mask2IV/Mask2IV/configs/training_512_v1.0/config_hoi4d_first.yaml", line 171, column 5
    raise yaml.constructor.ConstructorError(
yaml.constructor.ConstructorError: while constructing a mapping
  in "/simurgh2/projects/Mask2IV/Mask2IV/configs/training_512_v1.0/config_hoi4d_first.yaml", line 160, column 5
found duplicate key check_val_every_n_epoch
  in "/simurgh2/projects/Mask2IV/Mask2IV/configs/training_512_v1.0/config_hoi4d_first.yaml", line 171, column 5
ERROR:torch.distributed.elastic.multiprocessing.api:failed (exitcode: 1) local_rank: 0 (pid: 2307115) of binary: /simurgh2/users/jesb/conda/envs/dyncraft/bin/python
Traceback (most recent call last):
  File "/simurgh2/users/jesb/conda/envs/dyncraft/lib/python3.8/runpy.py", line 194, in _run_module_as_main
    return _run_code(code, main_globals, None,
  File "/simurgh2/users/jesb/conda/envs/dyncraft/lib/python3.8/runpy.py", line 87, in _run_code
    exec(code, run_globals)
  File "/simurgh2/users/jesb/conda/envs/dyncraft/lib/python3.8/site-packages/torch/distributed/launch.py", line 196, in <module>
    main()
  File "/simurgh2/users/jesb/conda/envs/dyncraft/lib/python3.8/site-packages/torch/distributed/launch.py", line 192, in main
    launch(args)
  File "/simurgh2/users/jesb/conda/envs/dyncraft/lib/python3.8/site-packages/torch/distributed/launch.py", line 177, in launch
    run(args)
  File "/simurgh2/users/jesb/conda/envs/dyncraft/lib/python3.8/site-packages/torch/distributed/run.py", line 785, in run
    elastic_launch(
  File "/simurgh2/users/jesb/conda/envs/dyncraft/lib/python3.8/site-packages/torch/distributed/launcher/api.py", line 134, in __call__
    return launch_agent(self._config, self._entrypoint, list(args))
  File "/simurgh2/users/jesb/conda/envs/dyncraft/lib/python3.8/site-packages/torch/distributed/launcher/api.py", line 250, in launch_agent
    raise ChildFailedError(
torch.distributed.elastic.multiprocessing.errors.ChildFailedError: 
============================================================
/simurgh2/projects/Mask2IV/Mask2IV/main/trainer.py FAILED
------------------------------------------------------------
Failures:
[1]:
  time      : 2026-01-26_17:41:44
  host      : simurgh3.stanford.edu
  rank      : 1 (local_rank: 1)
  exitcode  : 1 (pid: 2307116)
  error_file: <N/A>
  traceback : To enable traceback see: https://pytorch.org/docs/stable/elastic/errors.html
------------------------------------------------------------
Root Cause (first observed failure):
[0]:
  time      : 2026-01-26_17:41:44
  host      : simurgh3.stanford.edu
  rank      : 0 (local_rank: 0)
  exitcode  : 1 (pid: 2307115)
  error_file: <N/A>
  traceback : To enable traceback see: https://pytorch.org/docs/stable/elastic/errors.html
============================================================
Done
